[youtube] Extracting URL: https://www.youtube.com/watch?v=Me8_yV7Ugyc
[youtube] Me8_yV7Ugyc: Downloading webpage
WARNING: [youtube] No supported JavaScript runtime could be found. Only deno is enabled by default; to use another runtime add  --js-runtimes RUNTIME[:PATH]  to your command/config. YouTube extraction without a JS runtime has been deprecated, and some formats may be missing. See  https://github.com/yt-dlp/yt-dlp/wiki/EJS  for details on installing one
[youtube] Me8_yV7Ugyc: Downloading visionos player API JSON
[youtube] Me8_yV7Ugyc: Downloading m3u8 information
[info] Me8_yV7Ugyc: Downloading subtitles: en, en-orig
[info] Me8_yV7Ugyc: Downloading 1 format(s): 136+251
[info] Writing video description to: source-yt.description
[info] Writing video subtitles to: source-yt.en.vtt
WARNING: The extractor specified to use impersonation for this download, but no impersonate target is available. If you encounter errors, then see  https://github.com/yt-dlp/yt-dlp#impersonation  for information on installing the required dependencies
[download] Destination: source-yt.en.vtt
[download]    1.00KiB at  Unknown B/s (00:00:00)[download]    3.00KiB at  Unknown B/s (00:00:00)[download]    7.00KiB at    5.72MiB/s (00:00:00)[download]   15.00KiB at    9.74MiB/s (00:00:00)[download]   31.00KiB at    4.70MiB/s (00:00:00)[download]   63.00KiB at    5.26MiB/s (00:00:00)[download]  127.00KiB at    6.76MiB/s (00:00:00)[download]  255.00KiB at    3.51MiB/s (00:00:00)[download]  494.54KiB at    3.81MiB/s (00:00:00)[download] 100% of  494.54KiB in 00:00:00 at 1.21MiB/s
[info] Writing video subtitles to: source-yt.en-orig.vtt
WARNING: The extractor specified to use impersonation for this download, but no impersonate target is available. If you encounter errors, then see  https://github.com/yt-dlp/yt-dlp#impersonation  for information on installing the required dependencies
[download] Destination: source-yt.en-orig.vtt
[download]    1.00KiB at  Unknown B/s (00:00:00)[download]    3.00KiB at  Unknown B/s (00:00:00)[download]    7.00KiB at  911.18KiB/s (00:00:00)[download]   15.00KiB at    1.19MiB/s (00:00:00)[download]   31.00KiB at 1014.32KiB/s (00:00:00)[download]   63.00KiB at    1.09MiB/s (00:00:00)[download]  127.00KiB at    1.83MiB/s (00:00:00)[download]  255.00KiB at    3.23MiB/s (00:00:00)[download]  494.54KiB at    4.25MiB/s (00:00:00)[download] 100% of  494.54KiB in 00:00:00 at 1.68MiB/s
[info] Writing video metadata as JSON to: source-yt.info.json
[SubtitlesConvertor] Converting subtitles
[SubtitlesConvertor] Subtitle file for vtt is already in the requested format
[SubtitlesConvertor] Subtitle file for vtt is already in the requested format
