loading small/int8… audio=/workspace/junkyard-love-archive/content/0025-jordenelle-tsugawa/source-audio.webm size=131930048
transcribing…
lang=en prob=1 duration=8499.002625
… 50 segments @ 145.2s elapsed=84s
… 100 segments @ 274.2s elapsed=105s
… 150 segments @ 390.6s elapsed=123s
… 200 segments @ 516.7s elapsed=140s
… 250 segments @ 654.9s elapsed=161s
… 300 segments @ 797.9s elapsed=182s
… 350 segments @ 912.6s elapsed=203s
… 400 segments @ 1015.2s elapsed=221s
… 450 segments @ 1106.4s elapsed=234s
… 500 segments @ 1202.5s elapsed=247s
… 550 segments @ 1286.8s elapsed=260s
… 600 segments @ 1360.0s elapsed=269s
… 650 segments @ 1441.1s elapsed=283s
… 700 segments @ 1509.8s elapsed=297s
… 750 segments @ 1585.7s elapsed=307s
… 800 segments @ 1653.1s elapsed=317s
… 850 segments @ 1731.7s elapsed=334s
… 900 segments @ 1800.1s elapsed=344s
… 950 segments @ 1869.8s elapsed=358s
… 1000 segments @ 1931.0s elapsed=368s
… 1050 segments @ 2002.1s elapsed=376s
… 1100 segments @ 2068.9s elapsed=386s
… 1150 segments @ 2138.7s elapsed=399s
… 1200 segments @ 2213.7s elapsed=406s
… 1250 segments @ 2282.3s elapsed=424s
… 1300 segments @ 2348.2s elapsed=434s
… 1350 segments @ 2404.3s elapsed=445s
… 1400 segments @ 2466.0s elapsed=454s
… 1450 segments @ 2526.7s elapsed=464s
… 1500 segments @ 2588.8s elapsed=474s
… 1550 segments @ 2650.9s elapsed=484s
… 1600 segments @ 2725.8s elapsed=496s
… 1650 segments @ 2803.3s elapsed=510s
… 1700 segments @ 2884.7s elapsed=519s
… 1750 segments @ 2959.3s elapsed=532s
… 1800 segments @ 3027.4s elapsed=542s
… 1850 segments @ 3090.5s elapsed=551s
… 1900 segments @ 3141.1s elapsed=560s
… 1950 segments @ 3196.4s elapsed=570s
… 2000 segments @ 3241.5s elapsed=576s
… 2050 segments @ 3281.6s elapsed=591s
… 2100 segments @ 3333.2s elapsed=600s
… 2150 segments @ 3394.9s elapsed=612s
… 2200 segments @ 3453.1s elapsed=621s
… 2250 segments @ 3517.1s elapsed=630s
… 2300 segments @ 3570.5s elapsed=639s
… 2350 segments @ 3618.6s elapsed=644s
… 2400 segments @ 3675.8s elapsed=652s
… 2450 segments @ 3728.6s elapsed=661s
… 2500 segments @ 3792.1s elapsed=671s
… 2550 segments @ 3849.7s elapsed=680s
… 2600 segments @ 3890.3s elapsed=687s
… 2650 segments @ 3940.5s elapsed=699s
… 2700 segments @ 3993.7s elapsed=708s
… 2750 segments @ 4047.2s elapsed=717s
… 2800 segments @ 4100.7s elapsed=728s
… 2850 segments @ 4163.7s elapsed=738s
… 2900 segments @ 4228.9s elapsed=747s
… 2950 segments @ 4293.3s elapsed=758s
… 3000 segments @ 4343.5s elapsed=767s
… 3050 segments @ 4399.1s elapsed=776s
… 3100 segments @ 4447.7s elapsed=781s
… 3150 segments @ 4498.0s elapsed=790s
… 3200 segments @ 4554.2s elapsed=798s
… 3250 segments @ 4603.1s elapsed=809s
… 3300 segments @ 4641.9s elapsed=815s
… 3350 segments @ 4690.6s elapsed=824s
… 3400 segments @ 4742.9s elapsed=829s
… 3450 segments @ 4799.7s elapsed=839s
… 3500 segments @ 4857.6s elapsed=848s
… 3550 segments @ 4908.0s elapsed=859s
… 3600 segments @ 4960.1s elapsed=869s
… 3650 segments @ 5014.5s elapsed=878s
… 3700 segments @ 5079.4s elapsed=887s
… 3750 segments @ 5142.9s elapsed=897s
… 3800 segments @ 5201.5s elapsed=906s
… 3850 segments @ 5248.8s elapsed=911s
… 3900 segments @ 5298.6s elapsed=921s
… 3950 segments @ 5355.4s elapsed=930s
… 4000 segments @ 5406.5s elapsed=939s
… 4050 segments @ 5466.5s elapsed=948s
… 4100 segments @ 5530.3s elapsed=958s
… 4150 segments @ 5593.9s elapsed=968s
… 4200 segments @ 5657.2s elapsed=977s
… 4250 segments @ 5707.3s elapsed=988s
… 4300 segments @ 5761.4s elapsed=998s
… 4350 segments @ 5817.5s elapsed=1007s
… 4400 segments @ 5870.8s elapsed=1016s
… 4450 segments @ 5920.3s elapsed=1021s
… 4500 segments @ 5972.5s elapsed=1031s
… 4550 segments @ 6033.2s elapsed=1040s
… 4600 segments @ 6086.6s elapsed=1050s
… 4650 segments @ 6136.1s elapsed=1085s
… 4700 segments @ 6246.1s elapsed=1099s
… 4750 segments @ 6326.7s elapsed=1115s
… 4800 segments @ 6426.9s elapsed=1132s
… 4850 segments @ 6523.7s elapsed=1147s
… 4900 segments @ 6622.4s elapsed=1160s
… 4950 segments @ 6715.8s elapsed=1180s
… 5000 segments @ 6827.6s elapsed=1195s
… 5050 segments @ 6906.9s elapsed=1211s
… 5100 segments @ 6985.2s elapsed=1226s
… 5150 segments @ 7061.1s elapsed=1240s
… 5200 segments @ 7150.8s elapsed=1255s
… 5250 segments @ 7248.5s elapsed=1268s
… 5300 segments @ 7336.8s elapsed=1283s
… 5350 segments @ 7419.1s elapsed=1299s
… 5400 segments @ 7531.0s elapsed=1317s
… 5450 segments @ 7611.9s elapsed=1332s
… 5500 segments @ 7724.2s elapsed=1351s
… 5550 segments @ 7818.2s elapsed=1364s
… 5600 segments @ 7918.9s elapsed=1383s
… 5650 segments @ 8016.3s elapsed=1399s
… 5700 segments @ 8124.1s elapsed=1418s
… 5750 segments @ 8229.0s elapsed=1431s
… 5800 segments @ 8312.8s elapsed=1446s
… 5850 segments @ 8415.4s elapsed=1495s
DONE model=small/int8 segments=5884 words≈31340 duration=8499.00s elapsed=1501s
