=== BATCH 0 ===
0002 ok n=8 pub=0 soft=False :: Planting the seed into our mind letting us know like hey whateve | I wanted to be able to do something so that I can help humanity  | This book talks about the compound effect okay and you know earn
0003 ok n=8 pub=0 soft=False :: Are you talking like meditation this helps you even get going ch | Culture of today your ego is something that you have to have lik | Some sort of insightfulness from just listening to us talk about
0004 ok n=8 pub=0 soft=False :: We had like this cool friend a friend connection we got linked u | Why we moved I love nature too so I mean hikes and everything ar | Love is I wish I can I'll pan around this room with my camera on
0005 ok n=8 pub=0 soft=False :: I just my life has changed drastically from meditation and yoga  | Now tell me about your meditation so I think when you were like  | Not having goals and ambitions because Goals are legitimately ba
0006 ok n=8 pub=0 soft=False :: Is if you're listening right now that's you can quote me on that | I go there probably once a week like the meditate up top there m | Mmm but it's cool going there like because sometimes I'll rememb
0007 ok n=8 pub=0 soft=False :: I wouldn't I wouldn't identify with my childhood as a traumatic  | I've been watching a lot of monks and like meditation guy doesn' | I said so yeah so that's something that uh but my sister says ou
0008 ok n=8 pub=0 soft=False :: I was feeding my ego so many bad things I was constantly in chal | I thought it was always a challenge the ego was if I have this m | I wake up because I was so exhausted for so long I physically pu
0009 ok n=8 pub=0 soft=False :: I was always just pushing against the grain trying to just have  | I wanted to be able to do what I want and have a good time and l | The table like this is like a dream come true this is literally 
SUMMARY {
  "episodes_processed": 8,
  "episodes_skipped": 0,
  "episodes_error": 0,
  "before_frag": 91,
  "before_ok": 0,
  "after_frag": 64,
  "after_ok": 0
}
=== BATCH 10 ===
0010 ok n=8 pub=0 soft=False :: Getting thrown to the wolves because South Pacific was like 200  | I got to go do this again because this is who I am so for me get | I'm heading over to Bend like in February it'll be a two for you
0011 ok n=8 pub=0 soft=False :: Alert on her phone and it says listen they're zombies everywhere | Life if there's one thing you learn from this podcast it's just  | That's why a mindfulness practice is great right because it's th
0012 ok n=8 pub=0 soft=False :: I it was like a nice thing of a smaller business yeah I was able | I hit the sales floor cuz I knew that was where I could where I  | I could where I could actually continue to grow and I became the
0013 ok n=8 pub=0 soft=False :: I would love to dip into guns and carpentry and the things that  | Was definitely during because um like we were talking about earl | The day and have them research postpartum depression mmm I mean 
0015 ok n=8 pub=0 soft=False :: Happy and so I just kind of kept drinking I tried a relationship | I had my parents that actually sat me down and said listen this  | Huge vulnerability yes right and at this point I was only workin
0017 ok n=8 pub=0 soft=False :: I just find myself wanting I just don't want to talk and you wan | I've reinforced it for so long that I just don't get to do that  | I want to vote and who do I vote for like what does it mean like
0018 ok n=8 pub=0 soft=False :: Know matter its matter I'm patients the ego wants it right my bo | All figured out so I'm still working I would do not would absolu | Friends or lose family or be misunderstood because people are al
0019 ok n=8 pub=0 soft=False :: I was gonna like bring up some specific lyrics I'm like that's j | Did every date because that we also like made a meme out of this | I like recognize from the Walmarts in our towns and generally ma
SUMMARY {
  "episodes_processed": 8,
  "episodes_skipped": 0,
  "episodes_error": 0,
  "before_frag": 83,
  "before_ok": 0,
  "after_frag": 64,
  "after_ok": 0
}
=== BATCH 20 ===
0020 ok n=8 pub=0 soft=True :: I think I mentioned K through 7th grade, it is a non-profit a pr | I didn't expect to learn this today, about what I can take. | I was not a runner so the thought of running eight to 12 miles l
0021 ok n=8 pub=0 soft=False :: I even just in practice like when I'm over here working on stuff | I get see that really good to like I even just in practice like  | Necessary things how a mentor or a teacher teach you some things
0022 ok n=8 pub=0 soft=False :: I worked for the last four years and I worked with at-risk youth | I worked with at-risk youths in the community all schools in cal | I don't really know like obviously I'm totally YouTube learned t
0023 ok n=8 pub=0 soft=False :: Cognitive emotional and compassionate empathy and cognitive empa | Ik is eating sleeping meditating okay deep breath sympathetic is | I've actually seen people when they do a lot of breath work and 
0024 ok n=8 pub=0 soft=False :: I don't know let's say when did I change it a year. | I change it a year ago two years ago year. | I was a pimp how old were you at Uncle Sugar four 15 clearly oka
0025 ok n=8 pub=0 soft=True :: You treat this as a meditation or do you just like, so you set a | You talk about nature. I'm huge into nature as well for this rea | The forest. Fantastic. So the reason we love and that's a big pa
0026 ok n=8 pub=0 soft=False :: I together could do some things with it was roots awesome and so | Ways but he had very bad separation anxiety were hoping for a do | Wouldn't be bad because there's a lock yeah I'm trying to think 
0027 ok n=8 pub=0 soft=False :: Meaning they had enough flight attendants in those bases for the | I would actually get it because it's so competitive and then yea | Up because it's Iceland you never really know how the weather.
0028 ok n=8 pub=0 soft=False :: If you come up on a million because of the lottery you're probab | I was like such a hopeless romantic it's crazy like that's why I | You get any sort of anxiety or like how is that you've probably.
SUMMARY {
  "episodes_processed": 9,
  "episodes_skipped": 0,
  "episodes_error": 0,
  "before_frag": 106,
  "before_ok": 0,
  "after_frag": 72,
  "after_ok": 0
}
=== BATCH 30 ===
0030 ok n=8 pub=0 soft=False :: I kind of wanted a I really wanted to create a podcast with you  | I just wrote into assembly and then from assembly it breaks it d | I can let's pull up his exact experiment is that because that do
0031 ok n=8 pub=0 soft=False :: I did not like photography for a year just for that not that car | Love Instagram for inspiration so you also have a wonderful. | I had cool ripped jeans I love jump distressed no you know loved
0032 ok n=8 pub=0 soft=False :: I guess but it did some weird turning and stuff where it like sh | In one direction and then change direction super fast and when a | Oh yeah just because how big it was all like holy.
0033 ok n=8 pub=0 soft=False :: Podcast experience yes because it's more fun to be doing this in | The 90s the early 90s yeah the only green logo was LimeWire. | Japan moved to Japan helped a lot because you know they don't ca
0034 ok n=8 pub=5 soft=False :: We don't put in the effort on purpose because if we do fail we h | Excuse and then we're not disappointing ourselves because failur | Why I took the whole abstinence route because it was confusing I
0035 ok n=8 pub=1 soft=False :: Super mice that don't live because we only test products on mice | I was cutting weight on purpose and for wrestling in high school | Wrong I haven't been this light since I was cutting weight on pu
0036 ok n=8 pub=4 soft=False :: You can choose unconditional love and acceptance, or you can cho | Whether or not you actually want to change them like I have it o | Decide to laugh, decide to make it easier on yourself, because w
0037 ok n=8 pub=4 soft=True :: Going out into nature literally saved my life these things. | Take me to a place where I feel small. | I feel small and it's the best thing for me because a lot of thi
0038 ok n=8 pub=0 soft=False :: I mean because it's like if you're gonna be up for 16 hours no m | Time to start because no one's gonna judge you in your house go. | The whole like marriage to heavy weight is I even when I'm at th
0039 ok n=8 pub=1 soft=False :: I think it's close the closest thing we can describe it as is li | Is like folky because it's definitely acoustic led it used to ha | Frustrated by it because like I'm not I don't have any political
SUMMARY {
  "episodes_processed": 10,
  "episodes_skipped": 0,
  "episodes_error": 0,
  "before_frag": 120,
  "before_ok": 0,
  "after_frag": 80,
  "after_ok": 0
}
=== BATCH 40 ===
0040 ok n=8 pub=2 soft=False :: I'm kind of sitting above all the vials I'm not just looking out | My **** so you should listen to me because you're just a dumb ph | I said sometimes you could say something sometimes it could be d
0041 ok n=8 pub=0 soft=False :: I had the funniest breath I had the funniest idea. | A podium not to lie to them because nowadays we're **** smart yo | Really reality is like being ignored and we're just listening to
0042 ok n=8 pub=0 soft=False :: My office yeah because it's a business now that's where our is y | It's pretty cool because it's something like and this is somethi | I wouldn't want to learn something new so I think I'm like telli
0043 ok n=8 pub=2 soft=False :: If we take away 'jk', what can we say? | It takes a lot to take a step back and look at it through a lens | I miss my pre-internet brain this whole FOMO this anxiety that I
0044 ok n=8 pub=4 soft=False :: The news is not a tool to make your life better, it's a tool of  | Everyone owns a body. You pilot a meat vehicle, you do. You shou | Not everyone you talk to is going to be in good faith.
0045 ok n=8 pub=0 soft=False :: Breath there's a lot of breath work online you could look up wim | You can do all these anxiety breaths there's a there's a lot of  | I **** love it cognitively it's one of the best things it's grea
0046 ok n=8 pub=4 soft=False :: If I got a problem, I'm about a solution. | I always have to remember with myself because i'm such like an a | I love that stick your chest out typea shit.
0047 ok n=8 pub=1 soft=True :: I think it was about three weeks, maybe two weeks before they fi | Open back up, I've just hit this because I was keep telling my d | We have liquor licenses in Oregon and Idaho working on Washingto
0048 ok n=8 pub=0 soft=False :: I was talk about this hike you know when I was younger I was a s | Know like the habit change is one of the most difficult things t | I think it's when I had first like kind of learned about my pers
0049 ok n=8 pub=1 soft=False :: Narcissistic person like you're gonna you're gonna mold to whate | In that's this is human nature yeah you want to belong yeah you' | There's thinking about just the sides of ourselves because there
SUMMARY {
  "episodes_processed": 10,
  "episodes_skipped": 0,
  "episodes_error": 0,
  "before_frag": 119,
  "before_ok": 0,
  "after_frag": 80,
  "after_ok": 0
}
=== BATCH 50 ===
0050 ok n=8 pub=3 soft=False :: It really is because each person that i can help elevate their f | Reminding that person (yourself at a younger age) that you are l | A crazy way it heals the present because you're healing your pas
0051 ok n=8 pub=0 soft=False :: Write that down and so because it actually interested me and it' | I take notes because it's not so much that i'm gonna look at it  | You kept lifting through that because i know that we worked out 
0052 ok n=8 pub=5 soft=False :: As soon as I woke up from my surgery, I could breathe. | Never satisfied like i just come to realize that like am i ever  | You really have to find that healthy relationship with how you l
0053 ok n=8 pub=7 soft=False :: One kid at a time. | You'll grow up to be that person you needed when you was younger | His breakthrough became his income.
0054 ok n=8 pub=2 soft=False :: You YouTube meet because as soon as that comes up you're like ah | Nothing is for everyone, anymore. | Also just shocking because we didn't see that coming we thought 
0055 ok n=8 pub=0 soft=False :: Music that they love and start sharing it and if it's if it's hu | Know there's no money uh because all the money's wrapped up in p | You're going to listen to it you're like oh they missed.
0056 ok n=8 pub=3 soft=False :: Gonna do yeah and i have tons of photos unemployment is still ni | Really have any addictive personalities when it comes to like dr | Why do you love that more than your kids you know.
0057 ok n=8 pub=8 soft=False :: In the wind I feel Spirit, when I'm swinging on the swingset at  | That insatiable curiosity was really hindered by this gripping o | I have to leave this battle here.
0058 ok n=8 pub=7 soft=False :: You should always challenge yourself in any aspect of life. You  | I love seeing that energy, 100%. I hate dream breakers. They're  | I've read was people change Conner you need to you need to accep
0059 ok n=8 pub=0 soft=False :: You were writing is essentially what is truth yes There's a lot  | Actual definition of truth and is it can you even arrive. | You stop seeking out this truth and find facts and just hold on 
SUMMARY {
  "episodes_processed": 10,
  "episodes_skipped": 0,
  "episodes_error": 0,
  "before_frag": 107,
  "before_ok": 0,
  "after_frag": 80,
  "after_ok": 0
}
=== BATCH 60 ===
0060 ok n=8 pub=0 soft=False :: Quit caffeine i had lowered my caffeine intakes severely which h | Overlook i think when it comes to anxiety and lack of sleep and  | Helps a lot with that because when you're not drinking enough wa
0061 ok n=8 pub=0 soft=False :: Playing all my favorite music because i have like a spotify play | I just have that mindset and it's kind of a blessing and a curse | Meditation helps all kinds of stuff uh to actively be Engaged in
0062 ok n=8 pub=8 soft=False :: You can wake up everyday and do it differently. | I should only be comparing myself to myself, who I was yesterday | How do I want people to feel? Inspired.
0063 ok n=8 pub=0 soft=False :: Cough breaking out in the house because my roommates they have t | Know that was really hard Because i had just talked to this pers | Depressed About it because um Yeah it was just really hard.
0064 ok n=8 pub=0 soft=False :: Were actually for listeners out there discussing how kind of Soc | The low underlying fear that we all kind Of have walking. | Have this unfortunate Because we've built this on society right 
0065 ok n=8 pub=2 soft=False :: Have worked for me and we typically create like a really strong  | Time that i felt comfortable doing so because i wasn't home righ | I had the chance to be myself without any baggage of who you thi
0066 ok n=8 pub=0 soft=False :: Gypsy soul no Fools cowboy wants you'll never fool him. | I'm still king girl Ain't nothing out there to see now what's up | Now an occasional bark that's just kind of what you get like i f
0067 ok n=8 pub=7 soft=False :: That was what kind of shifted my mindset to looking at my past f | I create that moment so yeah That book was a really monumental o | You’re able to shift. When you’re in victimhood you often don’t 
0068 ok n=8 pub=0 soft=False :: Taking the knee or whatever because it's like within what he sai | It's interesting because i instantly saw Oh for me to have like  | Reject To me to me that's a truth like what you point out like a
0069 ok n=8 pub=0 soft=False :: I'm like the puff bars are terrible because that's like it's in  | You're wasting so much just plastic because you use it once and  | Change and like how those moments can be truly powerful.
SUMMARY {
  "episodes_processed": 10,
  "episodes_skipped": 0,
  "episodes_error": 0,
  "before_frag": 99,
  "before_ok": 0,
  "after_frag": 80,
  "after_ok": 0
}
=== BATCH 70 ===
0070 ok n=8 pub=0 soft=False :: Anime i watch now they have like because i use crunchyroll and f | Oh yeah like because they have the apple original or apple. | Lately i've been Kind of feeling bad because it's like I haven't
0071 ok n=8 pub=5 soft=False :: Find your breaking point and make that your comfort zone. I foun | This is starting to weigh me down emotionally and stress me out, | After you climb a mountain, all of your other problems are small
0072 ok n=8 pub=0 soft=False :: Psychological title for it but because i know of people that hav | Kind of poopy and just because my engine is expecting like okay  | Respect you but i would love to have this conversation and then 
0073 ok n=8 pub=0 soft=False :: In a circle doing these communication games and i remember walki | Erwan i was in another relationship at the time that was like go | Our mastery of relationship class that was primarily in person e
0074 ok n=8 pub=0 soft=False :: At uh the community college where we live and I've taken a few a | Struggle to find meaning and something that doesn't have meaning | The capability to change it and a few of the ideas.
0075 ok n=8 pub=2 soft=False :: I've kind of decided to specialize or niche down into relationsh | Niche down into relationship coaching so for people who are in l | A silent meditation like My internal dialogue is like a thousand
0076 ok n=8 pub=0 soft=False :: I'm a singer-songwriter originally i have three albums out And m | Everyday remind myself What my purpose is because i think when w | Meditation is a big one i think the Biggest thing that helps me 
0077 ok n=8 pub=0 soft=False :: I mean anxiety depression it's in an Endless list of things that | The psychoactive cannabis Compound or cannabinoid CBD is the non | One drug and made it impossible for people to really benefit fro
0078 ok n=8 pub=3 soft=False :: I got to college i learned quickly just how Uh little i actually | Never be interested in taking on a leadership position in a chai | You will never be free of conflict. You may never be free from t
0079 ok n=8 pub=0 soft=False :: You can play singles but most people play doubles i think a lot  | I just looked to see what was going on at the local recreation c | Cool To see because i knew that we had this podcast coming and i
SUMMARY {
  "episodes_processed": 10,
  "episodes_skipped": 0,
  "episodes_error": 0,
  "before_frag": 99,
  "before_ok": 0,
  "after_frag": 80,
  "after_ok": 0
}
=== BATCH 80 ===
0080 ok n=8 pub=0 soft=False :: A ba in communication and then ma in organizational leadership b | Hard to To um tackle because it requires some Internal work and  | Your book a little bit of your bio it sounds like you've had you
0081 ok n=8 pub=0 soft=False :: Everything and they're unexamined so that was like the peak into | Know forward in consciousness or evolution or some sort of jump. | The enormous amount of investment and time and love it takes to 
0082 ok n=8 pub=7 soft=False :: We are spirits having a human experience. | A Spiritual Awakening is waking up to your spiritual nature. | You are here to learn and practice how to be human.
0083 ok n=8 pub=0 soft=False :: Here we just kind of like you grow up and then you start to beco | A lot of what our ego is and a lot of what our internal dialogue | Back up let's not talk anxiety attacks yet i will get to those b
0084 ok n=8 pub=0 soft=False :: The hairpin ones are really interesting to me yeah how that happ | We have to struggle for our existence because um things fall apa | Did it start because it wasn't there before the before now.
0085 ok n=8 pub=0 soft=False :: Think it's possible because these people if they are forced and  | Lessened but explained because the volume is so incredible yeah  | Maybe this figure might be explained because um Kind of not less
0086 ok n=8 pub=0 soft=False :: It's a space to come in relax breathe kind of feel like you're i | You take that breath before the movie starts and you're like oh  | More control over because i'm like this will not do like my eyes
0087 ok n=8 pub=0 soft=False :: Love now i'm on a path of love so who knows what this one Might. | Truth and Then truth led me to love now i'm on a path of love. | Nature true nature is not the mind All right have you ever.
0088 ok n=8 pub=2 soft=False :: Your paper say like what was the yeah I'm struggling to figure o | I Want to start this because this so his Work is complex but it' | I love the good Points yeah I think it's great yeah There's a mo
0089 ok n=8 pub=0 soft=False :: This question is there Enough because it's not just 100 of Human | There enough Has generated a responsibility in people That the a | An it's an it's a surprising thing So i have sort of more fun wi
SUMMARY {
  "episodes_processed": 10,
  "episodes_skipped": 0,
  "episodes_error": 0,
  "before_frag": 90,
  "before_ok": 0,
  "after_frag": 80,
  "after_ok": 0
}
=== BATCH 90 ===
0090 ok n=8 pub=0 soft=False :: I think has been huge for my Evolution and growth you know over  | More East Coast mindset and then kind of the different things th | I fell in love with that album and I had always been a fan of Ma
0091 ok n=8 pub=3 soft=False :: You want to plan as early as yesterday. it’s never too early for | Too early to start planning legacy planning because it takes tim | How do you then Galvanize a team your family members so also cre
0092 ok n=8 pub=3 soft=False :: I just remember like looking up and I had my spirit leave and go | Border incredibly cold and I had my spirit I like I had to lay d | Millionaires don't have Astrologers, billionaires do.
0093 ok n=8 pub=0 soft=False :: We label ourselves as things so we can we have this part of our  | I've got it you know and there is some senses of thinking about  | Same thing do you want them to grow up with that well let me tel
0094 ok n=8 pub=7 soft=False :: Be still, yet still be. | Kids, don't drop acid until you're ready to be troubled. | Hoarding is the wanking of wealth.
0095 ok n=8 pub=0 soft=False :: I would say man the podcast realm is crazy but you know what con | I'm CEO and creator of Big Bet Studios uh my dog is a logo he'd  | I didn't do it right that time let's make sure I do it right the
0096 ok n=8 pub=0 soft=False :: I get paid is to be of service but I also choose to be of servic | Consciousness of Oneness which I am I realize everyone I'm seein | Sum it up is really serving the Consciousness to elevate the vib
0097 ok n=8 pub=0 soft=False :: I was like holy geez I literally felt saved because I had to sto | I had to stop drinking there's probably a little bit of fear. | I realized I had a huge anxiety issue like huge and that's reall
0098 ok n=8 pub=1 soft=False :: Asked me to teach kriya yoga so that's like a meditation that's  | Helps you be more of your own signature energy and your own sign | Melts away and we're bringing healing we're bringing compassion 
0099 ok n=8 pub=0 soft=False :: I have to just continue this practice of being a witness of obse | I sat down in meditation and suddenly like it instantly my neck  | I could say okay yeah this is me this is I this is Brent this is
SUMMARY {
  "episodes_processed": 10,
  "episodes_skipped": 0,
  "episodes_error": 0,
  "before_frag": 85,
  "before_ok": 0,
  "after_frag": 80,
  "after_ok": 0
}
=== BATCH 100 ===
0100 ok n=8 pub=3 soft=False :: There is no path. There’s no path till you walk it, and you have | I'd love to hear about your relationship with that type. | Amongst my healing I started reading all these things and listen
0101 ok n=8 pub=0 soft=False :: I think also awareness is such a superpower you know being aware | I happen to like the nickname so I'm going to run with it I'm go | Jumping in to save them right here because you can reach them bu
0102 ok n=8 pub=3 soft=False :: Day and they don't really love it because it was Definitely a ha | I would say the music is probably the Most important aspect of t | We put on Armor to protect ourselves from them ever happening ag
0103 ok n=8 pub=0 soft=False :: Have discernment when a reading comes across because a lot of pe | I find on the internet but it's really important for people to h | I would say that psychedelic experience I had really helped Prop
0104 ok n=8 pub=1 soft=False :: I was always looking for someone who I knew could speak to the t | Life really was never the same again because even though I'd alw | I recognized him and from that touch then from that point on uh 
0105 ok n=8 pub=0 soft=False :: You need yeah because by the time this conversation finishes AI  | I want that job and it just it's like a positive feedback loop o | Take some of the stress and the anxiety off this and figure out 
0106 ok n=8 pub=0 soft=False :: I am instead going to actively notice that bring awareness to th | I was dealt I'm probably going to end up in these positions I am | The Simpsons we're watching TV but I also had an awareness of I'
0107 ok n=8 pub=0 soft=False :: Yourself and so the one relationship you have from start to fini | Conversations are what is the foundation Of your marriage a lot  | Being married versus building the Marriage are two very differen
0108 ok n=8 pub=0 soft=False :: We don't just have worms because Evolution changes all the every | Though we can't see it because changes work slowly but things ar | Different we are made to choose but what we can't do is harm eac
0109 ok n=8 pub=0 soft=False :: Taking a risk because if you're so risk adverse that you've miti | I've been a CEO for now 15 years everybody's about to communicat | Talk or and you send out of communication what's going to happen
SUMMARY {
  "episodes_processed": 10,
  "episodes_skipped": 0,
  "episodes_error": 0,
  "before_frag": 136,
  "before_ok": 0,
  "after_frag": 80,
  "after_ok": 0
}
=== BATCH 110 ===
0110 ok n=8 pub=0 soft=False :: I was in an abusive relationship at the time I had early. | I was my name friends Anything crazy and then my dog who was lik | I never done that for me so for example a couple of things on my
0111 ok n=8 pub=7 soft=False :: If you want what you say you want, expect it to be difficult. | The weight that you feel that makes you want to end the game is  | I feel like everything is trying to tell us in some way. Stop th
0112 ok n=8 pub=0 soft=False :: Over very well because when you dare to be different, which is m | I did it as a as a substitute, but they never knew I was the sub | I was looking for. And that truly made all the difference in the
0113 ok n=8 pub=4 soft=False :: If you've never looked in the mirror and questioned your actual  | My therapist challenged every one of my thoughts, every one of m | We're the best drug dealers going. Oh, yeah. They're highly addi
0114 ok n=8 pub=3 soft=False :: Healing isn’t about becoming perfect. It’s about removing what b | I wanted to empower the reader. I wanted to give them the inform | I don't want to create resistance in you to the actual process. 
0115 ok n=8 pub=3 soft=False :: It’s like, if you see something that’s not available where you’r | It's about your acting. It's capital A lowercase V because you a | There's truth like these characters all these characters are act
0116 ok n=8 pub=5 soft=False :: Every move is a signature... make it count. | Listening is the cornerstone of communication. Most people hear  | I have. I My parents were very influential in making sure to rei
0117 ok n=8 pub=5 soft=False :: I feel most connected with you when you’re feeling.” - Blake rec | Anger isn’t the problem. It’s what happens when we stop letting  | Emotions are information. You’d be stupid to ignore them.” - Bla
0119 ok n=8 pub=8 soft=False :: Your willpower is a muscle. The more you exercise it, the strong | The true you is the witness behind it all. | Victim mentality is just inverted narcissism.
SUMMARY {
  "episodes_processed": 9,
  "episodes_skipped": 0,
  "episodes_error": 0,
  "before_frag": 204,
  "before_ok": 0,
  "after_frag": 72,
  "after_ok": 0
}
=== BATCH 120 ===
0122 ok n=8 pub=7 soft=False :: Most of us are using our kind of unconscious default voice that  | We’re all kind of wearing a vocal girdle. | Pretending to be somebody else is kind of the secret sauce.
0123 ok n=8 pub=8 soft=False :: Love is an answer. It’s a solution for sure. | The wind is actually the spirit. The effects are the physical bo | Endorphins… stands for inner orphan, which like morphine… highly
0124 ok n=8 pub=8 soft=False :: This frequency triggers something in you that takes it out of yo | Hearts are always curious. What literally separates us is our in | It's kind of cheating because it's a shortcut to meditation.
SUMMARY {
  "episodes_processed": 3,
  "episodes_skipped": 0,
  "episodes_error": 0,
  "before_frag": 49,
  "before_ok": 0,
  "after_frag": 24,
  "after_ok": 0
}
