0002 ok n=4 pub=0 soft=False :: I did have a vision of wanting to be my own boss. | I had to fulfill another vision and you gotta get it together.
0003 ok n=4 pub=0 soft=False :: I'd ripped it off a little bit so back to the ego. | Thank you oh you've got a big ego.
0004 ok n=4 pub=0 soft=False :: I think that's the voice that's true that's truth. | I love this person next to me we had a wonderful time.
0005 ok n=4 pub=0 soft=False :: I just my life has changed drastically from meditation. | I want people who have tried meditation and think they failed and I wa
0006 ok n=4 pub=0 soft=False :: I can't remember I think I was 20 because I can't go to bars yet but e | I realized that none of it was real and it wasn't actually me feeling.
0007 ok n=4 pub=0 soft=False :: If you choose I guess maybe that's it's the choice. | I think that's literally how knowledge and growth.
0008 ok n=4 pub=0 soft=False :: I thought it was always a challenge the ego. | I don't want to say I don't have one but I think it's because we relat
0009 ok n=4 pub=0 soft=False :: I was dealing with so consciously that I didn't even want to realize a | I took perfect timing where you want to go and if I die tomorrow off b
0010 ok n=4 pub=0 soft=False :: I want to go to these functions because that's part of that whole. | They it was funny because they had started with house music.
0011 ok n=4 pub=0 soft=False :: Life if there's one thing you learn from this podcast it's just find a | I knew nothing about it but a change.
0012 ok n=4 pub=0 soft=False :: I learned from that I move on and I see what works with people. | I learn from them and we have that power and a lot of people.
0013 ok n=4 pub=0 soft=False :: I just want you to never even learn of any of these terrible foods and | The day and have them research postpartum depression.
0015 ok n=4 pub=0 soft=False :: I got it because I got the birth control. | I was up at weird hours and I wasn't working I wasn't doing anything a
0017 ok n=4 pub=0 soft=False :: I know people who aren't listening to it they have no idea. | I'm making a connection obviously with that but I think that entire ve
0018 ok n=4 pub=0 soft=False :: I'm patients the ego wants it right my boss. | It's worth every second but feeling that you're going to lose friends 
0019 ok n=4 pub=0 soft=False :: I needed to say and it all worked out perfectly and it's sick I love. | I did I literally cannot do any well so you mean they learn about it y
0020 ok n=0 pub=0 soft=True :: 
0021 ok n=4 pub=0 soft=False :: I hope some day that we can get together and make music. | I think it's important to go into something with a pretty big creative
0022 ok n=4 pub=0 soft=False :: I've had two kids total mom bought but I would love. | I didn't have kids at this point it would be dangerous because all I d
0023 ok n=4 pub=0 soft=False :: I will have a lot of empathy but I actually won't feel. | I'm you get social media you only post the pictures of you have music.
0024 ok n=4 pub=0 soft=False :: I could go to Z100 right and I was listening. | I love that dude I love that I think that more people.
0025 ok n=0 pub=0 soft=True :: 
0026 ok n=4 pub=0 soft=False :: The beginning was that we wanted to give back to the community. | I had leverage because I was staying at my mom's house with no bills s
0027 ok n=4 pub=0 soft=False :: I'm doing it so well it's a cool dream. | I can get how you can get anxiety.
0028 ok n=4 pub=0 soft=False :: I could consistently understand a lot more than I should understand at | I got any music and I started writing really emotional music.
0030 ok n=4 pub=0 soft=False :: It but humans are actually compared to computers are really smart mean | I'm not solving any of these quantum things myself so I don't know it'
0031 ok n=4 pub=0 soft=False :: I wasn't showing up to be the person that the teacher. | I said little bit it still holds up a big piece of my heart.
0032 ok n=4 pub=0 soft=False :: Your window I realized this when I was younger I used to love. | I used to love just leaving the doors open on a hot summer day.
0033 ok n=4 pub=0 soft=False :: I'm making making all the music than playing the live shows. | I have to say and if you do need to change.
0034 ok n=4 pub=4 soft=False :: We don't put in the effort on purpose because if we do fail we have an | I'm not wired like that, yet.
0035 ok n=4 pub=1 soft=False :: I was cutting weight on purpose and for wrestling in high school and t | I am not a creature of circumstance, rather a creator of circumstance.
0036 ok n=4 pub=1 soft=False :: I know that we don't grow up in a society that traditionally values me | You can choose unconditional love and acceptance, or you can choose ch
0037 ok n=3 pub=3 soft=True :: Take me to a place where I feel small. | Your beliefs are there because of your experiences and then those same
0038 ok n=4 pub=0 soft=False :: I've heard it takes twenty to thirty days to change. | I was and started get back into breath.
0039 ok n=4 pub=1 soft=False :: I know that antidote will continue doing it because they made good rel | I'm thinking about you because a lot of people.
0040 ok n=4 pub=2 soft=False :: I love having this option it's so cool it you look amazing space. | I had an interest in acting that probably sprouted it I had this teach
0041 ok n=4 pub=0 soft=False :: The presidency is not now something that one person should be tasked w | I think that it was a drug-sniffing photos mushrooms I think we starte
0042 ok n=4 pub=0 soft=False :: I'm just trying to see where we're at in relationship. | I just listened to it then I listen to my own in my hotel room on a la
0043 ok n=4 pub=3 soft=False :: If we take away 'jk', what can we say? | It takes a lot to take a step back and look at it through a lens of - 
0044 ok n=4 pub=4 soft=False :: The news is not a tool to make your life better, it's a tool of contro | Everyone owns a body. You pilot a meat vehicle, you do. You should kno
0045 ok n=4 pub=0 soft=False :: I get better and better as I go along the more I meditate the more I l | I learn about the nature of my own mind.
0046 ok n=4 pub=4 soft=False :: If I got a problem, I'm about a solution. | I love that stick your chest out typea shit.
0047 ok n=1 pub=1 soft=True :: People will forget what you've said, people will forget what you've do
0048 ok n=4 pub=0 soft=False :: I have not stuck it through my dad plays drums and guitar. | I admire the way that he can play guitar.
0049 ok n=2 pub=1 soft=False :: There's thinking about just the sides of ourselves because there's a c | Do you feel better? yeah? ok. C'mon.
0050 ok n=2 pub=1 soft=False :: I want to just continue to show up and be authentic and to continue ch | I deserve to be here. I want to be here. I love to be grounded. I am a
0051 ok n=1 pub=0 soft=False :: I was doing well it's creating and drawing and doodling and making mus
0052 ok n=4 pub=4 soft=False :: As soon as I woke up from my surgery, I could breathe. | Am I ever gonna be satisfied? No, but love your body for what it is.
0053 ok n=4 pub=4 soft=False :: You'll grow up to be that person you needed when you was younger. | I'm just a baker, that found bread.
0054 ok n=1 pub=1 soft=False :: I think I feel more confident from this experience to try and believe 
0055 ok n=4 pub=0 soft=False :: I wanted more involvement because we're gonna have it all set up so wh | They've put out some pretty cool trap music.
0056 ok n=4 pub=2 soft=False :: It's so easy to be a bad person, it takes work to be a good person. | That's what we could all do very well is we can take a look at our own
0057 ok n=4 pub=4 soft=False :: In the wind I feel Spirit, when I'm swinging on the swingset at recess | The base definition of hope is seeing a more positive outcome, and mul
0058 ok n=4 pub=3 soft=False :: People get stuck in their minds get really bad depression. | Time can be relative. You can cherish the small moments. You don't hav
0059 ok n=4 pub=0 soft=False :: You were writing is essentially what is truth. | Can never actually arrive at the concrete truth.
0060 ok n=1 pub=0 soft=False :: It's good for you have water right next to your bed every single night
0061 ok n=4 pub=0 soft=False :: It actually happening to you and then we can make it this fun camarade | I think you probably obviously do is you take purpose.
0062 ok n=4 pub=3 soft=False :: I'm a huge propornant of failing forward. | There are people who are putting out good messages but they're not bei
0063 ok n=1 pub=0 soft=False :: Music changing is it's going to be super cool man.
0064 ok n=4 pub=0 soft=False :: A you thought that because at the time. | They're just going to be killing it in the parent game because we a lo
0065 ok n=4 pub=1 soft=False :: I had the chance to be myself without any baggage of who you think you | The more that people around me are going to be attracted to me because
0066 ok n=1 pub=0 soft=False :: If i've been having some drinks and we're at we're at a campfire and y
0067 ok n=4 pub=4 soft=False :: You’re able to shift. When you’re in victimhood you often don’t realiz | Pain is energy but energy forms into your reality.
0068 ok n=4 pub=0 soft=False :: We don't understand what meaning is we don't understand what feelings  | You what happens there when you do come at someone who's not trying to
0069 ok n=4 pub=0 soft=False :: It's tough because your family is your family. | It's just important to live authentically to yourself because that's a
0070 ok n=4 pub=0 soft=False :: Life it'll just definitely change the way you think and what you feel. | Had it not the shortest time out of everyone at work because we were n
0071 ok n=4 pub=1 soft=False :: After you climb a mountain, all of your other problems are small in co | You're trying to be what everyone else wants that's stressful and you 
0072 ok n=2 pub=0 soft=False :: Once in a while so they can learn to look out for it in the future. | We're going to deal the young kids are going to grow up and deal with 
0073 ok n=2 pub=0 soft=False :: It was really surprising because you can touch people. | The presence and to presence and then from there we can get into more 
0074 ok n=4 pub=0 soft=False :: A more myopic political lens because it's what's actually important in | In results but it's such a scary thing it puts us into such a fear.
0075 ok n=4 pub=2 soft=False :: Do you have a meditation practice yourself or do you find yourself. | Have to learn how to stumble over my words.
0076 ok n=1 pub=0 soft=False :: It's really unfortunate because how do you keep reaching out when you 
0077 ok n=1 pub=0 soft=False :: Some of them are great for depression anxiety.
0078 ok n=4 pub=3 soft=False :: You will never be free of conflict. You may never be free from that fe | Passive-aggressive comments are funny in movies but they’re terrible i
0079 ok n=1 pub=0 soft=False :: This big thing it has its own community.
0080 ok n=4 pub=0 soft=False :: What's gonna happen if you don't make this change. | The relationship goes even if just one side starts it so anybody.
0081 ok n=2 pub=0 soft=False :: It's of course only based off of our experiences because that's what w | No one can live without a purpose without a sense of purpose.
0082 ok n=4 pub=3 soft=False :: We are spirits having a human experience. | You are here to learn and practice how to be human.
0083 ok n=4 pub=0 soft=False :: I'm talking about the core of ultimate love. | It feels fake when you get to coming around to admitting you have depr
0084 ok n=4 pub=0 soft=False :: Our best guesses which is there's a huge difference between honesty an | Will turn it into a habit and stop thinking about it that's what consc
0085 ok n=4 pub=0 soft=False :: The mafia because they tell them you know what if you are if you go we | They choose to say that you know you don't have a proof enough.
0086 ok n=2 pub=0 soft=False :: If we can't physically recognize the trauma right out of the gate we h | They're all just boring or they're all just aggressive or because we'r
0087 ok n=0 pub=0 soft=False :: 
0088 ok n=3 pub=1 soft=False :: It’s just like having your eyes refreshed all the time. | A lot of agency to do a lot of change.
0089 ok n=1 pub=0 soft=False :: We have to learn how to love ourselves.
0090 ok n=4 pub=0 soft=False :: I love you you need some sleep you're well fed your diapers changed we | I've become such a huge podcaster just in the sense of I listen to pod
0091 ok n=4 pub=1 soft=False :: You want to plan as early as yesterday. it’s never too early for legac | I'm not sure that's a good idea because this might not work.
0092 ok n=4 pub=1 soft=False :: I going to force myself to be in this relationship. | I haven't watched yet it's on my list to watch but I do love.
0093 ok n=4 pub=0 soft=False :: You're suffering your suffering stuff sucks you're feeling depression. | I am going to consciously choose to change.
0094 ok n=4 pub=4 soft=False :: Kids, don't drop acid until you're ready to be troubled. | Hoarding is the wanking of wealth.
0095 ok n=4 pub=0 soft=False :: I think it was at a good time because man. | I don't know if you heard too much of my music.
0096 ok n=4 pub=0 soft=False :: I'm coming to an understanding I used to have such a block about it an | I come in contact with if that's planting a seed in the garden it's no
0097 ok n=4 pub=0 soft=False :: I was pretty fatigued and stressed because I hadn't had learned about  | I was pretty loud because a lot of people.
0098 ok n=4 pub=1 soft=False :: Stay here. Every moment that you have to stay here in the body, stay h | I was laughing because for me one of the things I always noticed was s
0099 ok n=4 pub=0 soft=False :: I didn't feel that I was this body or I was the mind I don't even thin | I would go through different experiences that would now begin to form 
0100 ok n=4 pub=1 soft=False :: There is no path. There’s no path till you walk it, and you have to be | I'd love to hear about your relationship with that type of work.
0101 ok n=4 pub=0 soft=False :: I love that well hey man just as your friend. | I think the wrong word's politically active because people.
0102 ok n=4 pub=3 soft=False :: I'm working with patients, I'm talking with them, when they are that r | I'm always talking about meditation and stuff on here it gives you the
0103 ok n=4 pub=0 soft=False :: I can do readings for other people but I initially did it for myself t | I could navigate my situation with a little bit more awareness.
0104 ok n=4 pub=1 soft=False :: I was always looking for someone who I knew could speak to the truth o | I would have these out of body experiences and lucid dreams and for th
0105 ok n=4 pub=0 soft=False :: I am trying to go let's take a step back let's take some of the stress | I'm going to download some applications write a personal statement I t
0106 ok n=4 pub=0 soft=False :: I think a lot of artists a lot of performers a lot of the big times go | I'm probably going to end up in these positions I am instead going to 
0107 ok n=4 pub=0 soft=False :: We wanted to help because the housing market blew up and everywhere in | I'm not going to do that and when you get into that you get into score
0108 ok n=4 pub=0 soft=False :: I'm sitting there listening to the supply and demand and the prices an | I've had very hard time trying to answer this question because the ans
0109 ok n=4 pub=0 soft=False :: I didn't have a sense of the universe of myself yet for sure but I thi | I think I was always had an awareness of it wasn't it wasn't something
0110 ok n=4 pub=0 soft=False :: I was in an abusive relationship at the time. | I've lived in living in a in an abusive relationship.
0111 ok n=7 pub=4 soft=False :: I didn't hit send because it just kept going on. I feel. | I don't want to listen back to those episodes.
0112 ok n=7 pub=1 soft=False :: It's very fun to be inspiring and encouraging. | I don't think any teacher could say their class was as fun as mine.
0113 ok n=7 pub=2 soft=False :: If you've never looked in the mirror and questioned your actual gender | Packing up and changing careers and moving across the country, that's 
0114 ok n=7 pub=3 soft=False :: I don't want to create resistance in you to the actual process. | I try to dig in deeper to find out what the truth.
0115 ok n=7 pub=2 soft=False :: I love that you listened to that chat. | He of course has had a lot of people tell him he can't do something be
0116 ok n=7 pub=4 soft=False :: It hurts teachers as well because it doesn't give them the resources. | It's because the arts create connective tissues in your brain.
0117 ok n=7 pub=3 soft=False :: I feel most connected with you when you’re feeling.” - Blake recountin | Emotions are information. You’d be stupid to ignore them.” - Blake quo
0118 ok n=7 pub=6 soft=False :: What psychiatry calls a disorder can be the beginning of a profound in | Mental disorders don't take you or mental illness doesn't take you in 
0119 ok n=7 pub=7 soft=False :: Your willpower is a muscle. The more you exercise it, the stronger it  | Everything in my life needs to change, because everything in my life u
0120 ok n=7 pub=3 soft=False :: The path you’re really on should be the path to no path. We don’t need | Anyway, the words DNA was just everywhere and I thought, oo, this is e
0121 ok n=7 pub=1 soft=False :: I realized that there's like everything has a duality. | You’re not a pu*sy if you don’t meditate perfectly today… Today wasn’t
0122 ok n=7 pub=5 soft=False :: Most of us are using our kind of unconscious default voice that we thi | I never wanted to sing alone ever in front of anyone, which is a commo
0123 ok n=7 pub=4 soft=False :: Love is an answer. It’s a solution for sure. | The wind is actually the spirit. The effects are the physical body.
0124 ok n=7 pub=7 soft=False :: This frequency triggers something in you that takes it out of your hea | Hearts are always curious. What literally separates us is our intellec
quotes_clean.json count=466; archive.js patched=True
SUMMARY {
  "episodes_processed": 120,
  "episodes_error": 0,
  "episodes_skip": 0,
  "quotes_before": 963,
  "quotes_after": 466,
  "quotes_dropped": 497,
  "thin_episodes": [
    "0020",
    "0025",
    "0047",
    "0049",
    "0050",
    "0051",
    "0054",
    "0060",
    "0063",
    "0066",
    "0072",
    "0073",
    "0076",
    "0077",
    "0079",
    "0081",
    "0086",
    "0087",
    "0089"
  ],
  "zero_quote_episodes": [
    "0020",
    "0025",
    "0087"
  ],
  "soft_asr": [
    "0020",
    "0025",
    "0037",
    "0047"
  ]
}
